[debug] [2026-05-30T17:53:27.589Z] ----------------------------------------------------------------------
[debug] [2026-05-30T17:53:27.594Z] Command:       C:\Program Files\nodejs\node.exe C:\Users\Admin\AppData\Roaming\npm\node_modules\firebase-tools\lib\bin\firebase.js init
[debug] [2026-05-30T17:53:27.594Z] CLI Version:   15.19.0
[debug] [2026-05-30T17:53:27.595Z] Platform:      win32
[debug] [2026-05-30T17:53:27.595Z] Node Version:  v24.16.0
[debug] [2026-05-30T17:53:27.595Z] Time:          Sat May 30 2026 11:53:27 GMT-0600 (hora estándar central)
[debug] [2026-05-30T17:53:27.595Z] ----------------------------------------------------------------------
[debug] 
[info] 
     ######## #### ########  ######## ########     ###     ######  ########
     ##        ##  ##     ## ##       ##     ##  ##   ##  ##       ##
     ######    ##  ########  ######   ########  #########  ######  ######
     ##        ##  ##    ##  ##       ##     ## ##     ##       ## ##
     ##       #### ##     ## ######## ########  ##     ##  ######  ########

You're about to initialize a Firebase project in this directory:

  C:\Users\Admin\Desktop\CreaJ2026\Gradly\Movil\Gradly-firestore

[debug] [2026-05-30T18:02:37.100Z] ----------------------------------------------------------------------
[debug] [2026-05-30T18:02:37.106Z] Command:       C:\Program Files\nodejs\node.exe C:\Users\Admin\AppData\Roaming\npm\node_modules\firebase-tools\lib\bin\firebase.js init
[debug] [2026-05-30T18:02:37.107Z] CLI Version:   15.19.0
[debug] [2026-05-30T18:02:37.107Z] Platform:      win32
[debug] [2026-05-30T18:02:37.107Z] Node Version:  v24.16.0
[debug] [2026-05-30T18:02:37.108Z] Time:          Sat May 30 2026 12:02:37 GMT-0600 (hora estándar central)
[debug] [2026-05-30T18:02:37.108Z] ----------------------------------------------------------------------
[debug] 
[info] 
     ######## #### ########  ######## ########     ###     ######  ########
     ##        ##  ##     ## ##       ##     ##  ##   ##  ##       ##
     ######    ##  ########  ######   ########  #########  ######  ######
     ##        ##  ##    ##  ##       ##     ## ##     ##       ## ##
     ##       #### ##     ## ######## ########  ##     ##  ######  ########

You're about to initialize a Firebase project in this directory:

  C:\Users\Admin\Desktop\CreaJ2026\Gradly\Movil\Gradly-firestore

[info] 
=== Project Setup
[info] 
[info] First, let's associate this project directory with a Firebase project.
[info] You can create multiple project aliases by running firebase use --add, 
[info] 
[debug] [2026-05-30T18:08:35.027Z] > command requires scopes: ["email","openid","https://www.googleapis.com/auth/cloudplatformprojects.readonly","https://www.googleapis.com/auth/firebase","https://www.googleapis.com/auth/cloud-platform"]
[debug] [2026-05-30T18:08:35.028Z] > authorizing via signed-in user (diego.cha365@gmail.com)
[debug] [2026-05-30T18:08:35.029Z] Checked if tokens are valid: true, expires at: 1780167193767
[debug] [2026-05-30T18:08:35.030Z] Checked if tokens are valid: true, expires at: 1780167193767
[debug] [2026-05-30T18:08:35.031Z] >>> [apiv2][query] GET https://firebase.googleapis.com/v1beta1/projects pageSize=100
[debug] [2026-05-30T18:08:35.453Z] <<< [apiv2][status] GET https://firebase.googleapis.com/v1beta1/projects 200
[debug] [2026-05-30T18:08:35.453Z] <<< [apiv2][body] GET https://firebase.googleapis.com/v1beta1/projects [omitted]
[info] 
=== Hosting Setup
[debug] [2026-05-30T18:09:09.471Z] Checked if tokens are valid: true, expires at: 1780167193767
[debug] [2026-05-30T18:09:09.471Z] Checked if tokens are valid: true, expires at: 1780167193767
[debug] [2026-05-30T18:09:09.471Z] >>> [apiv2][query] GET https://firebase.googleapis.com/v1beta1/projects/gradly-e1a2a [none]
[debug] [2026-05-30T18:09:10.002Z] <<< [apiv2][status] GET https://firebase.googleapis.com/v1beta1/projects/gradly-e1a2a 200
[debug] [2026-05-30T18:09:10.003Z] <<< [apiv2][body] GET https://firebase.googleapis.com/v1beta1/projects/gradly-e1a2a {"projectId":"gradly-e1a2a","projectNumber":"310178316831","displayName":"Gradly","name":"projects/gradly-e1a2a","resources":{"hostingSite":"gradly-e1a2a"},"state":"ACTIVE","etag":"1_4a0138de-2c4f-475a-b3f9-c8bb827c4785"}
[info] 
[info] Your public directory is the folder (relative to your project directory) that
[info] will contain Hosting assets to be uploaded with firebase deploy. If you
[info] have a build process for your assets, use your build's output directory.
[info] 
